// Jest Snapshot v1, https://goo.gl/fbAQLP

exports[`<Signup /> render() should match snapshot 1`] = `ShallowWrapper {}`;
